// Jest Snapshot v1, https://goo.gl/fbAQLP

exports[`Movie Page should render correctly 1`] = `
Object {
  "asFragment": [Function],
  "baseElement": <body>
    <div>
      <div
        class="movies"
      >
        <div
          class="poster"
        >
          <a
            href="/detail?movie=384018"
          >
            <img
              alt="Fast & Furious Presents: Hobbs & Shaw"
              src="https://image.tmdb.org/t/p/w300_and_h450_bestv2//qRyy2UmjC5ur9bDi3kpNNRCc5nc.jpg"
            />
          </a>
        </div>
        <div
          class="poster"
        >
          <a
            href="/detail?movie=582306"
          >
            <img
              alt="Assassin 33 A.D."
              src="https://image.tmdb.org/t/p/w300_and_h450_bestv2//8jDvtdH327I8TgX3UPdkAsZF1dA.jpg"
            />
          </a>
        </div>
        <div
          class="poster"
        >
          <a
            href="/detail?movie=777350"
          >
            <img
              alt="Dory's Reef Cam"
              src="https://image.tmdb.org/t/p/w300_and_h450_bestv2//mMWLGu9pFymqipN8yvISHsAaj72.jpg"
            />
          </a>
        </div>
      </div>
    </div>
  </body>,
  "container": <div>
    <div
      class="movies"
    >
      <div
        class="poster"
      >
        <a
          href="/detail?movie=384018"
        >
          <img
            alt="Fast & Furious Presents: Hobbs & Shaw"
            src="https://image.tmdb.org/t/p/w300_and_h450_bestv2//qRyy2UmjC5ur9bDi3kpNNRCc5nc.jpg"
          />
        </a>
      </div>
      <div
        class="poster"
      >
        <a
          href="/detail?movie=582306"
        >
          <img
            alt="Assassin 33 A.D."
            src="https://image.tmdb.org/t/p/w300_and_h450_bestv2//8jDvtdH327I8TgX3UPdkAsZF1dA.jpg"
          />
        </a>
      </div>
      <div
        class="poster"
      >
        <a
          href="/detail?movie=777350"
        >
          <img
            alt="Dory's Reef Cam"
            src="https://image.tmdb.org/t/p/w300_and_h450_bestv2//mMWLGu9pFymqipN8yvISHsAaj72.jpg"
          />
        </a>
      </div>
    </div>
  </div>,
  "debug": [Function],
  "findAllByAltText": [Function],
  "findAllByDisplayValue": [Function],
  "findAllByLabelText": [Function],
  "findAllByPlaceholderText": [Function],
  "findAllByRole": [Function],
  "findAllByTestId": [Function],
  "findAllByText": [Function],
  "findAllByTitle": [Function],
  "findByAltText": [Function],
  "findByDisplayValue": [Function],
  "findByLabelText": [Function],
  "findByPlaceholderText": [Function],
  "findByRole": [Function],
  "findByTestId": [Function],
  "findByText": [Function],
  "findByTitle": [Function],
  "getAllByAltText": [Function],
  "getAllByDisplayValue": [Function],
  "getAllByLabelText": [Function],
  "getAllByPlaceholderText": [Function],
  "getAllByRole": [Function],
  "getAllByTestId": [Function],
  "getAllByText": [Function],
  "getAllByTitle": [Function],
  "getByAltText": [Function],
  "getByDisplayValue": [Function],
  "getByLabelText": [Function],
  "getByPlaceholderText": [Function],
  "getByRole": [Function],
  "getByTestId": [Function],
  "getByText": [Function],
  "getByTitle": [Function],
  "queryAllByAltText": [Function],
  "queryAllByDisplayValue": [Function],
  "queryAllByLabelText": [Function],
  "queryAllByPlaceholderText": [Function],
  "queryAllByRole": [Function],
  "queryAllByTestId": [Function],
  "queryAllByText": [Function],
  "queryAllByTitle": [Function],
  "queryByAltText": [Function],
  "queryByDisplayValue": [Function],
  "queryByLabelText": [Function],
  "queryByPlaceholderText": [Function],
  "queryByRole": [Function],
  "queryByTestId": [Function],
  "queryByText": [Function],
  "queryByTitle": [Function],
  "rerender": [Function],
  "unmount": [Function],
}
`;
